This is pdfTeX, Version 3.141592653-2.6-1.40.29 (TeX Live 2026/Arch Linux) (preloaded format=pdflatex 2026.5.28)  28 MAY 2026 20:12
entering extended mode
 restricted \write18 enabled.
 %&-line parsing enabled.
**documentacion.tex
(./documentacion.tex
LaTeX2e <2025-11-01>
L3 programming layer <2026-01-19>
(/usr/share/texmf-dist/tex/latex/base/article.cls
Document Class: article 2025/01/22 v1.4n Standard LaTeX document class
(/usr/share/texmf-dist/tex/latex/base/size12.clo
File: size12.clo 2025/01/22 v1.4n Standard LaTeX file (size option)
)
\c@part=\count275
\c@section=\count276
\c@subsection=\count277
\c@subsubsection=\count278
\c@paragraph=\count279
\c@subparagraph=\count280
\c@figure=\count281
\c@table=\count282
\abovecaptionskip=\skip49
\belowcaptionskip=\skip50
\bibindent=\dimen148
)
(/usr/share/texmf-dist/tex/latex/base/inputenc.sty
Package: inputenc 2024/02/08 v1.3d Input encoding file
\inpenc@prehook=\toks17
\inpenc@posthook=\toks18
)
(/usr/share/texmf-dist/tex/latex/base/fontenc.sty
Package: fontenc 2025/07/18 v2.1d Standard LaTeX package
)
(/usr/share/texmf-dist/tex/latex/geometry/geometry.sty
Package: geometry 2020/01/02 v5.9 Page Geometry

(/usr/share/texmf-dist/tex/latex/graphics/keyval.sty
Package: keyval 2022/05/29 v1.15 key=value parser (DPC)
\KV@toks@=\toks19
)
(/usr/share/texmf-dist/tex/generic/iftex/ifvtex.sty
Package: ifvtex 2019/10/25 v1.7 ifvtex legacy package. Use iftex instead.

(/usr/share/texmf-dist/tex/generic/iftex/iftex.sty
Package: iftex 2024/12/12 v1.0g TeX engine tests
))
\Gm@cnth=\count283
\Gm@cntv=\count284
\c@Gm@tempcnt=\count285
\Gm@bindingoffset=\dimen149
\Gm@wd@mp=\dimen150
\Gm@odd@mp=\dimen151
\Gm@even@mp=\dimen152
\Gm@layoutwidth=\dimen153
\Gm@layoutheight=\dimen154
\Gm@layouthoffset=\dimen155
\Gm@layoutvoffset=\dimen156
\Gm@dimlist=\toks20
)
(/usr/share/texmf-dist/tex/latex/graphics/graphicx.sty
Package: graphicx 2024/12/31 v1.2e Enhanced LaTeX Graphics (DPC,SPQR)

(/usr/share/texmf-dist/tex/latex/graphics/graphics.sty
Package: graphics 2024/08/06 v1.4g Standard LaTeX Graphics (DPC,SPQR)

(/usr/share/texmf-dist/tex/latex/graphics/trig.sty
Package: trig 2023/12/02 v1.11 sin cos tan (DPC)
)
(/usr/share/texmf-dist/tex/latex/graphics-cfg/graphics.cfg
File: graphics.cfg 2016/06/04 v1.11 sample graphics configuration
)
Package graphics Info: Driver file: pdftex.def on input line 106.

(/usr/share/texmf-dist/tex/latex/graphics-def/pdftex.def
File: pdftex.def 2025/09/29 v1.2d Graphics/color driver for pdftex
))
\Gin@req@height=\dimen157
\Gin@req@width=\dimen158
)
(/usr/share/texmf-dist/tex/latex/hyperref/hyperref.sty
Package: hyperref 2026-01-29 v7.01p Hypertext links for LaTeX

(/usr/share/texmf-dist/tex/latex/kvsetkeys/kvsetkeys.sty
Package: kvsetkeys 2022-10-05 v1.19 Key value parser (HO)
)
(/usr/share/texmf-dist/tex/generic/kvdefinekeys/kvdefinekeys.sty
Package: kvdefinekeys 2019-12-19 v1.6 Define keys (HO)
)
(/usr/share/texmf-dist/tex/generic/pdfescape/pdfescape.sty
Package: pdfescape 2019/12/09 v1.15 Implements pdfTeX's escape features (HO)

(/usr/share/texmf-dist/tex/generic/ltxcmds/ltxcmds.sty
Package: ltxcmds 2023-12-04 v1.26 LaTeX kernel commands for general use (HO)
)
(/usr/share/texmf-dist/tex/generic/pdftexcmds/pdftexcmds.sty
Package: pdftexcmds 2020-06-27 v0.33 Utility functions of pdfTeX for LuaTeX (HO
)

(/usr/share/texmf-dist/tex/generic/infwarerr/infwarerr.sty
Package: infwarerr 2019/12/03 v1.5 Providing info/warning/error messages (HO)
)
Package pdftexcmds Info: \pdf@primitive is available.
Package pdftexcmds Info: \pdf@ifprimitive is available.
Package pdftexcmds Info: \pdfdraftmode found.
))
(/usr/share/texmf-dist/tex/latex/hycolor/hycolor.sty
Package: hycolor 2020-01-27 v1.10 Color options for hyperref/bookmark (HO)
)
(/usr/share/texmf-dist/tex/latex/hyperref/nameref.sty
Package: nameref 2026-01-29 v2.58 Cross-referencing by name of section

(/usr/share/texmf-dist/tex/latex/refcount/refcount.sty
Package: refcount 2019/12/15 v3.6 Data extraction from label references (HO)
)
(/usr/share/texmf-dist/tex/generic/gettitlestring/gettitlestring.sty
Package: gettitlestring 2019/12/15 v1.6 Cleanup title references (HO)

(/usr/share/texmf-dist/tex/latex/kvoptions/kvoptions.sty
Package: kvoptions 2022-06-15 v3.15 Key value format for package options (HO)
))
\c@section@level=\count286
)
(/usr/share/texmf-dist/tex/latex/etoolbox/etoolbox.sty
Package: etoolbox 2025/10/02 v2.5m e-TeX tools for LaTeX (JAW)
\etb@tempcnta=\count287
)
(/usr/share/texmf-dist/tex/generic/stringenc/stringenc.sty
Package: stringenc 2019/11/29 v1.12 Convert strings between diff. encodings (HO
)
)
\@linkdim=\dimen159
\Hy@linkcounter=\count288
\Hy@pagecounter=\count289

(/usr/share/texmf-dist/tex/latex/hyperref/pd1enc.def
File: pd1enc.def 2026-01-29 v7.01p Hyperref: PDFDocEncoding definition (HO)
Now handling font encoding PD1 ...
... no UTF-8 mapping file for font encoding PD1
)
(/usr/share/texmf-dist/tex/generic/intcalc/intcalc.sty
Package: intcalc 2019/12/15 v1.3 Expandable calculations with integers (HO)
)
\Hy@SavedSpaceFactor=\count290

(/usr/share/texmf-dist/tex/latex/hyperref/puenc.def
File: puenc.def 2026-01-29 v7.01p Hyperref: PDF Unicode definition (HO)
Now handling font encoding PU ...
... no UTF-8 mapping file for font encoding PU
)
Package hyperref Info: Hyper figures OFF on input line 4201.
Package hyperref Info: Link nesting OFF on input line 4206.
Package hyperref Info: Hyper index ON on input line 4209.
Package hyperref Info: Plain pages OFF on input line 4216.
Package hyperref Info: Backreferencing OFF on input line 4221.
Package hyperref Info: Implicit mode ON; LaTeX internals redefined.
Package hyperref Info: Bookmarks ON on input line 4468.
\c@Hy@tempcnt=\count291

(/usr/share/texmf-dist/tex/latex/url/url.sty
\Urlmuskip=\muskip17
Package: url 2013/09/16  ver 3.4  Verb mode for urls, etc.
)
LaTeX Info: Redefining \url on input line 4807.
\XeTeXLinkMargin=\dimen160

(/usr/share/texmf-dist/tex/generic/bitset/bitset.sty
Package: bitset 2019/12/09 v1.3 Handle bit-vector datatype (HO)

(/usr/share/texmf-dist/tex/generic/bigintcalc/bigintcalc.sty
Package: bigintcalc 2019/12/15 v1.5 Expandable calculations on big integers (HO
)
))
\Fld@menulength=\count292
\Field@Width=\dimen161
\Fld@charsize=\dimen162
Package hyperref Info: Hyper figures OFF on input line 6084.
Package hyperref Info: Link nesting OFF on input line 6089.
Package hyperref Info: Hyper index ON on input line 6092.
Package hyperref Info: backreferencing OFF on input line 6099.
Package hyperref Info: Link coloring OFF on input line 6104.
Package hyperref Info: Link coloring with OCG OFF on input line 6109.
Package hyperref Info: PDF/A mode OFF on input line 6114.
\Hy@abspage=\count293
\c@Item=\count294
\c@Hfootnote=\count295
)
Package hyperref Info: Driver (autodetected): hpdftex.

(/usr/share/texmf-dist/tex/latex/hyperref/hpdftex.def
File: hpdftex.def 2026-01-29 v7.01p Hyperref driver for pdfTeX
\Fld@listcount=\count296
\c@bookmark@seq@number=\count297

(/usr/share/texmf-dist/tex/latex/rerunfilecheck/rerunfilecheck.sty
Package: rerunfilecheck 2025-06-21 v1.11 Rerun checks for auxiliary files (HO)

(/usr/share/texmf-dist/tex/generic/uniquecounter/uniquecounter.sty
Package: uniquecounter 2019/12/15 v1.4 Provide unlimited unique counter (HO)
)
Package uniquecounter Info: New unique counter `rerunfilecheck' on input line 2
84.
)
\Hy@SectionHShift=\skip51
)
(/usr/share/texmf-dist/tex/latex/xcolor/xcolor.sty
Package: xcolor 2024/09/29 v3.02 LaTeX color extensions (UK)

(/usr/share/texmf-dist/tex/latex/graphics-cfg/color.cfg
File: color.cfg 2016/01/02 v1.6 sample color configuration
)
Package xcolor Info: Driver file: pdftex.def on input line 274.

(/usr/share/texmf-dist/tex/latex/graphics/mathcolor.ltx)
Package xcolor Info: Model `cmy' substituted by `cmy0' on input line 1349.
Package xcolor Info: Model `hsb' substituted by `rgb' on input line 1353.
Package xcolor Info: Model `RGB' extended on input line 1365.
Package xcolor Info: Model `HTML' substituted by `rgb' on input line 1367.
Package xcolor Info: Model `Hsb' substituted by `hsb' on input line 1368.
Package xcolor Info: Model `tHsb' substituted by `hsb' on input line 1369.
Package xcolor Info: Model `HSB' substituted by `hsb' on input line 1370.
Package xcolor Info: Model `Gray' substituted by `gray' on input line 1371.
Package xcolor Info: Model `wave' substituted by `hsb' on input line 1372.
)
(/usr/share/texmf-dist/tex/latex/tools/array.sty
Package: array 2025/09/25 v2.6n Tabular extension package (FMi)
\col@sep=\dimen163
\ar@mcellbox=\box53
\extrarowheight=\dimen164
\NC@list=\toks21
\extratabsurround=\skip52
\backup@length=\skip53
\ar@cellbox=\box54
)
(/usr/share/texmf-dist/tex/latex/tools/longtable.sty
Package: longtable 2025-10-13 v4.24 Multi-page Table package (DPC)
\LTleft=\skip54
\LTright=\skip55
\LTpre=\skip56
\LTpost=\skip57
\LTchunksize=\count298
\LTcapwidth=\dimen165
\LT@head=\box55
\LT@firsthead=\box56
\LT@foot=\box57
\LT@lastfoot=\box58
\LT@gbox=\box59
\LT@cols=\count299
\LT@rows=\count300
\c@LT@tables=\count301
\c@LT@chunks=\count302
\LT@p@ftn=\toks22
)
(/usr/share/texmf-dist/tex/latex/float/float.sty
Package: float 2001/11/08 v1.3d Float enhancements (AL)
\c@float@type=\count303
\float@exts=\toks23
\float@box=\box60
\@float@everytoks=\toks24
\@floatcapt=\box61
)
(/usr/share/texmf-dist/tex/latex/booktabs/booktabs.sty
Package: booktabs 2020/01/12 v1.61803398 Publication quality tables
\heavyrulewidth=\dimen166
\lightrulewidth=\dimen167
\cmidrulewidth=\dimen168
\belowrulesep=\dimen169
\belowbottomsep=\dimen170
\aboverulesep=\dimen171
\abovetopsep=\dimen172
\cmidrulesep=\dimen173
\cmidrulekern=\dimen174
\defaultaddspace=\dimen175
\@cmidla=\count304
\@cmidlb=\count305
\@aboverulesep=\dimen176
\@belowrulesep=\dimen177
\@thisruleclass=\count306
\@lastruleclass=\count307
\@thisrulewidth=\dimen178
)
(/usr/share/texmf-dist/tex/latex/caption/caption.sty
Package: caption 2023/08/05 v3.6o Customizing captions (AR)

(/usr/share/texmf-dist/tex/latex/caption/caption3.sty
Package: caption3 2023/07/31 v2.4d caption3 kernel (AR)
\caption@tempdima=\dimen179
\captionmargin=\dimen180
\caption@leftmargin=\dimen181
\caption@rightmargin=\dimen182
\caption@width=\dimen183
\caption@indent=\dimen184
\caption@parindent=\dimen185
\caption@hangindent=\dimen186
Package caption Info: Standard document class detected.
)
\c@caption@flags=\count308
\c@continuedfloat=\count309
Package caption Info: float package is loaded.
Package caption Info: hyperref package is loaded.
Package caption Info: longtable package is loaded.

(/usr/share/texmf-dist/tex/latex/caption/ltcaption.sty
Package: ltcaption 2021/01/08 v1.4c longtable captions (AR)
))
Package hyperref Info: Option `colorlinks' set `true' on input line 22.

(/usr/share/texmf-dist/tex/latex/l3backend/l3backend-pdftex.def
File: l3backend-pdftex.def 2025-10-09 L3 backend support: PDF output (pdfTeX)
\l__color_backend_stack_int=\count310
)
(./documentacion.aux)
\openout1 = `documentacion.aux'.

LaTeX Font Info:    Checking defaults for OML/cmm/m/it on input line 45.
LaTeX Font Info:    ... okay on input line 45.
LaTeX Font Info:    Checking defaults for OMS/cmsy/m/n on input line 45.
LaTeX Font Info:    ... okay on input line 45.
LaTeX Font Info:    Checking defaults for OT1/cmr/m/n on input line 45.
LaTeX Font Info:    ... okay on input line 45.
LaTeX Font Info:    Checking defaults for T1/cmr/m/n on input line 45.
LaTeX Font Info:    ... okay on input line 45.
LaTeX Font Info:    Checking defaults for TS1/cmr/m/n on input line 45.
LaTeX Font Info:    ... okay on input line 45.
LaTeX Font Info:    Checking defaults for OMX/cmex/m/n on input line 45.
LaTeX Font Info:    ... okay on input line 45.
LaTeX Font Info:    Checking defaults for U/cmr/m/n on input line 45.
LaTeX Font Info:    ... okay on input line 45.
LaTeX Font Info:    Checking defaults for PD1/pdf/m/n on input line 45.
LaTeX Font Info:    ... okay on input line 45.
LaTeX Font Info:    Checking defaults for PU/pdf/m/n on input line 45.
LaTeX Font Info:    ... okay on input line 45.

*geometry* driver: auto-detecting
*geometry* detected driver: pdftex
*geometry* verbose mode - [ preamble ] result:
* driver: pdftex
* paper: a4paper
* layout: <same size as paper>
* layoutoffset:(h,v)=(0.0pt,0.0pt)
* modes: 
* h-part:(L,W,R)=(71.13188pt, 455.24411pt, 71.13188pt)
* v-part:(T,H,B)=(71.13188pt, 702.78308pt, 71.13188pt)
* \paperwidth=597.50787pt
* \paperheight=845.04684pt
* \textwidth=455.24411pt
* \textheight=702.78308pt
* \oddsidemargin=-1.1381pt
* \evensidemargin=-1.1381pt
* \topmargin=-38.1381pt
* \headheight=12.0pt
* \headsep=25.0pt
* \topskip=12.0pt
* \footskip=30.0pt
* \marginparwidth=35.0pt
* \marginparsep=10.0pt
* \columnsep=10.0pt
* \skip\footins=10.8pt plus 4.0pt minus 2.0pt
* \hoffset=0.0pt
* \voffset=0.0pt
* \mag=1000
* \@twocolumnfalse
* \@twosidefalse
* \@mparswitchfalse
* \@reversemarginfalse
* (1in=72.27pt=25.4mm, 1cm=28.453pt)

(/usr/share/texmf-dist/tex/context/base/mkii/supp-pdf.mkii
[Loading MPS to PDF converter (version 2006.09.02).]
\scratchcounter=\count311
\scratchdimen=\dimen187
\scratchbox=\box62
\nofMPsegments=\count312
\nofMParguments=\count313
\everyMPshowfont=\toks25
\MPscratchCnt=\count314
\MPscratchDim=\dimen188
\MPnumerator=\count315
\makeMPintoPDFobject=\count316
\everyMPtoPDFconversion=\toks26
) (/usr/share/texmf-dist/tex/latex/epstopdf-pkg/epstopdf-base.sty
Package: epstopdf-base 2020-01-24 v2.11 Base part for package epstopdf
Package epstopdf-base Info: Redefining graphics rule for `.eps' on input line 4
85.

(/usr/share/texmf-dist/tex/latex/latexconfig/epstopdf-sys.cfg
File: epstopdf-sys.cfg 2010/07/13 v1.3 Configuration of (r)epstopdf for TeX Liv
e
))
Package hyperref Info: Link coloring ON on input line 45.

(./documentacion.out) (./documentacion.out)
\@outlinefile=\write3
\openout3 = `documentacion.out'.

Package caption Info: Begin \AtBeginDocument code.
Package caption Info: End \AtBeginDocument code.
<src/assets/background/koi.png, id=72, 167.1846pt x 188.1429pt>
File: src/assets/background/koi.png Graphic file (type png)
<use src/assets/background/koi.png>
Package pdftex.def Info: src/assets/background/koi.png  used on input line 54.
(pdftex.def)             Requested size: 250.38564pt x 281.7945pt.
 [1

{/var/lib/texmf/fonts/map/pdftex/updmap/pdftex.map}{/usr/share/texmf-dist/fonts
/enc/dvips/cm-super/cm-super-t1.enc}{/usr/share/texmf-dist/fonts/enc/dvips/cm-s
uper/cm-super-ts1.enc} <./src/assets/background/koi.png>] (./documentacion.toc
LaTeX Font Info:    External font `cmex10' loaded for size
(Font)              <12> on input line 3.
LaTeX Font Info:    External font `cmex10' loaded for size
(Font)              <8> on input line 3.
LaTeX Font Info:    External font `cmex10' loaded for size
(Font)              <6> on input line 3.
)
\tf@toc=\write4
\openout4 = `documentacion.toc'.


pdfTeX warning (ext4): destination with the same identifier (name{page.1}) has 
been already used, duplicate ignored
<to be read again> 
                   \relax 
l.67 \newpage
              [1

]
Overfull \hbox (22.45937pt too wide) in paragraph at lines 93--94
\T1/cmtt/m/n/12 MainScreen\T1/cmr/m/n/12 , \T1/cmtt/m/n/12 SectionPanel\T1/cmr/
m/n/12 , \T1/cmtt/m/n/12 Product\T1/cmr/m/n/12 , \T1/cmtt/m/n/12 CartFrame\T1/c
mr/m/n/12 , \T1/cmtt/m/n/12 PurchaseHistoryFrame \T1/cmr/m/n/12 y \T1/cmtt/m/n/
12 TrackingFrame\T1/cmr/m/n/12 .
 []

[2]
<latex/figure/diagrama_clases.png, id=116, 5751.4875pt x 3196.94376pt>
File: latex/figure/diagrama_clases.png Graphic file (type png)
<use latex/figure/diagrama_clases.png>
Package pdftex.def Info: latex/figure/diagrama_clases.png  used on input line 1
43.
(pdftex.def)             Requested size: 455.24411pt x 253.02896pt.
 [3]
<latex/figure/diagrama_flujo.png, id=122, 3033.3325pt x 4898.3pt>
File: latex/figure/diagrama_flujo.png Graphic file (type png)
<use latex/figure/diagrama_flujo.png>
Package pdftex.def Info: latex/figure/diagrama_flujo.png  used on input line 15
3.
(pdftex.def)             Requested size: 318.66948pt x 514.52354pt.
 [4 <./latex/figure/diagrama_clases.png>] [5 <./latex/figure/diagrama_flujo.png
>]
Overfull \hbox (54.72583pt too wide) in paragraph at lines 187--188
\T1/cmr/m/n/12 gorías del in-ven-tario en tiempo real uti-lizando la API de flu
-jos de Java (\T1/cmtt/m/n/12 Stream.of().flatMap\T1/cmr/m/n/12 ).
 []

[6]
Overfull \hbox (18.66864pt too wide) in paragraph at lines 190--191
\T1/cmr/m/n/12 cación. Al mod-i-ficar la se-lec-ción desde la vista de ac-ceso,
 se ac-tu-al-iza el \T1/cmtt/m/n/12 ResourceBundle
 []


Overfull \hbox (46.9582pt too wide) in paragraph at lines 197--198
\T1/cmr/m/n/12 in-fe-rior (\T1/cmtt/m/n/12 bottomBar\T1/cmr/m/n/12 ) mantiene u
n com-por-tamiento pre-deci-ble gra-cias a \T1/cmtt/m/n/12 updateNavSelection\T
1/cmr/m/n/12 ,
 []


Overfull \hbox (42.71893pt too wide) in paragraph at lines 198--199
\T1/cmr/m/n/12 forma li-bre o de-scon-tro-lada, sino me-di-ante una pila aco-ta
da de his-to-rial (\T1/cmtt/m/n/12 navigationHistory
 []


Overfull \hbox (3.35309pt too wide) in paragraph at lines 198--199
\T1/cmr/m/n/12 fini-tos al usar el botón de retro-ceso. Del mismo modo, el méto
do \T1/cmtt/m/n/12 isTransientScreen
 []

[7]
<latex/figure/Dialogo.png, id=147, 337.26pt x 73.27374pt>
File: latex/figure/Dialogo.png Graphic file (type png)
<use latex/figure/Dialogo.png>
Package pdftex.def Info: latex/figure/Dialogo.png  used on input line 208.
(pdftex.def)             Requested size: 212.93471pt x 46.2633pt.


Package caption Warning: The option `hypcap=true' will be ignored for this
(caption)                particular \caption on input line 209.
See the caption package documentation for explanation.

<latex/figure/Idioma.png, id=148, 112.42pt x 49.18375pt>
File: latex/figure/Idioma.png Graphic file (type png)
<use latex/figure/Idioma.png>
Package pdftex.def Info: latex/figure/Idioma.png  used on input line 213.
(pdftex.def)             Requested size: 127.76212pt x 55.89816pt.

Package caption Warning: The option `hypcap=true' will be ignored for this
(caption)                particular \caption on input line 214.
See the caption package documentation for explanation.

<latex/figure/direccion.png, id=149, 354.32375pt x 262.9825pt>
File: latex/figure/direccion.png Graphic file (type png)
<use latex/figure/direccion.png>
Package pdftex.def Info: latex/figure/direccion.png  used on input line 218.
(pdftex.def)             Requested size: 212.93471pt x 158.0435pt.

Package caption Warning: The option `hypcap=true' will be ignored for this
(caption)                particular \caption on input line 219.
See the caption package documentation for explanation.

<latex/figure/back.png, id=150, 54.2025pt x 56.21pt>
File: latex/figure/back.png Graphic file (type png)
<use latex/figure/back.png>
Package pdftex.def Info: latex/figure/back.png  used on input line 223.
(pdftex.def)             Requested size: 85.17258pt x 88.33821pt.

Package caption Warning: The option `hypcap=true' will be ignored for this
(caption)                particular \caption on input line 224.
See the caption package documentation for explanation.

[8 <./latex/figure/Dialogo.png> <./latex/figure/Idioma.png> <./latex/figure/dir
eccion.png> <./latex/figure/back.png>] [9] [10]
<latex/interface/login.png, id=179, 393.47pt x 847.165pt>
File: latex/interface/login.png Graphic file (type png)
<use latex/interface/login.png>
Package pdftex.def Info: latex/interface/login.png  used on input line 282.
(pdftex.def)             Requested size: 227.62206pt x 490.0763pt.
<latex/interface/register.png, id=180, 393.47pt x 847.165pt>
File: latex/interface/register.png Graphic file (type png)
<use latex/interface/register.png>
Package pdftex.def Info: latex/interface/register.png  used on input line 291.
(pdftex.def)             Requested size: 227.62206pt x 490.0763pt.
 [11 <./latex/interface/login.png (PNG copy)>]
<latex/interface/mainScreen.png, id=186, 393.47pt x 847.165pt>
File: latex/interface/mainScreen.png Graphic file (type png)
<use latex/interface/mainScreen.png>
Package pdftex.def Info: latex/interface/mainScreen.png  used on input line 300
.
(pdftex.def)             Requested size: 227.62206pt x 490.0763pt.
 [12 <./latex/interface/register.png (PNG copy)>]
<latex/interface/search.png, id=193, 393.47pt x 847.165pt>
File: latex/interface/search.png Graphic file (type png)
<use latex/interface/search.png>
Package pdftex.def Info: latex/interface/search.png  used on input line 312.
(pdftex.def)             Requested size: 227.62206pt x 490.0763pt.
 [13 <./latex/interface/mainScreen.png (PNG copy)>]
<latex/interface/shoppingCart.png, id=199, 393.47pt x 847.165pt>
File: latex/interface/shoppingCart.png Graphic file (type png)
<use latex/interface/shoppingCart.png>
Package pdftex.def Info: latex/interface/shoppingCart.png  used on input line 3
21.
(pdftex.def)             Requested size: 227.62206pt x 490.0763pt.
 [14 <./latex/interface/search.png (PNG copy)>]
<latex/interface/history.png, id=205, 393.47pt x 847.165pt>
File: latex/interface/history.png Graphic file (type png)
<use latex/interface/history.png>
Package pdftex.def Info: latex/interface/history.png  used on input line 330.
(pdftex.def)             Requested size: 227.62206pt x 490.0763pt.
 [15 <./latex/interface/shoppingCart.png (PNG copy)>]
<latex/interface/tracking.png, id=211, 393.47pt x 847.165pt>
File: latex/interface/tracking.png Graphic file (type png)
<use latex/interface/tracking.png>
Package pdftex.def Info: latex/interface/tracking.png  used on input line 339.
(pdftex.def)             Requested size: 227.62206pt x 490.0763pt.
 [16 <./latex/interface/history.png (PNG copy)>]
<latex/interface/account.png, id=217, 393.47pt x 847.165pt>
File: latex/interface/account.png Graphic file (type png)
<use latex/interface/account.png>
Package pdftex.def Info: latex/interface/account.png  used on input line 348.
(pdftex.def)             Requested size: 227.62206pt x 490.0763pt.
 [17 <./latex/interface/tracking.png (PNG copy)>]
[18 <./latex/interface/account.png (PNG copy)>] [19] (./documentacion.aux)
 ***********
LaTeX2e <2025-11-01>
L3 programming layer <2026-01-19>
 ***********
Package rerunfilecheck Info: File `documentacion.out' has not changed.
(rerunfilecheck)             Checksum: C8952FB1968B37674981A1122FDFA0B7;2828.
 ) 
Here is how much of TeX's memory you used:
 11463 strings out of 469515
 181114 string characters out of 5470807
 602502 words of memory out of 5000000
 39931 multiletter control sequences out of 15000+600000
 637969 words of font info for 60 fonts, out of 8000000 for 9000
 14 hyphenation exceptions out of 8191
 75i,7n,79p,710b,631s stack positions out of 10000i,1000n,20000p,200000b,200000s
</usr/share/texmf-dist/fonts/type1/public/cm-super/sfbx1200.pfb></usr/share/t
exmf-dist/fonts/type1/public/cm-super/sfbx1440.pfb></usr/share/texmf-dist/fonts
/type1/public/cm-super/sfbx1728.pfb></usr/share/texmf-dist/fonts/type1/public/c
m-super/sfbx2074.pfb></usr/share/texmf-dist/fonts/type1/public/cm-super/sfrm120
0.pfb></usr/share/texmf-dist/fonts/type1/public/cm-super/sfrm1440.pfb></usr/sha
re/texmf-dist/fonts/type1/public/cm-super/sfti1200.pfb></usr/share/texmf-dist/f
onts/type1/public/cm-super/sftt1200.pfb>
Output written on documentacion.pdf (20 pages, 1990401 bytes).
PDF statistics:
 293 PDF objects out of 1000 (max. 8388607)
 229 compressed objects within 3 object streams
 67 named destinations out of 1000 (max. 500000)
 212 words of extra memory for PDF output out of 10000 (max. 10000000)

